total 12744
drwxr-xr-x  14 mnlee  staff      448 Aug  3 14:50 .
drwxr-xr-x  10 mnlee  staff      320 Aug  3 14:49 ..
drwxr-xr-x  13 mnlee  staff      416 Aug  3 14:50 .git
-rw-r--r--   1 mnlee  staff  3622379 Aug  3 14:50 20160920_091103.jpg
drwxr-xr-x   9 mnlee  staff      288 Aug  3 14:50 2017
-rw-r--r--   1 mnlee  staff    11357 Aug  3 14:50 LICENSE
-rw-r--r--   1 mnlee  staff       32 Aug  3 14:50 README.md
-rw-r--r--   1 mnlee  staff    79835 Aug  3 14:50 hyuna.JPG
-rw-r--r--   1 mnlee  staff     1404 Aug  3 14:50 icon.png
-rw-r--r--   1 mnlee  staff       52 Aug  3 14:50 index.html
-rw-r--r--   1 mnlee  staff  2783011 Aug  3 14:50 jincheon.jpg
-rwxr-xr-x   1 mnlee  staff       61 Aug  3 14:50 push.sh
-rw-r--r--   1 mnlee  staff     2403 Aug  3 14:50 ravello_logo.png
-rw-r--r--   1 mnlee  staff        0 Aug  3 14:50 test.log
